#
# There is insufficient memory for the Java Runtime Environment to continue.
# Native memory allocation (mmap) failed to map 130023424 bytes for G1 virtual space
# Possible reasons:
#   The system is out of physical RAM or swap space
#   The process is running with CompressedOops enabled, and the Java Heap may be blocking the growth of the native heap
# Possible solutions:
#   Reduce memory load on the system
#   Increase physical memory or swap space
#   Check if swap backing store is full
#   Decrease Java heap size (-Xmx/-Xms)
#   Decrease number of Java threads
#   Decrease Java thread stack sizes (-Xss)
#   Set larger code cache with -XX:ReservedCodeCacheSize=
#   JVM is running with Unscaled Compressed Oops mode in which the Java heap is
#     placed in the first 4GB address space. The Java Heap base address is the
#     maximum limit for the native heap growth. Please use -XX:HeapBaseMinAddress
#     to set the Java Heap base and to place the Java Heap above 4GB virtual address.
# This output file may be truncated or incomplete.
#
#  Out of Memory Error (os_windows.cpp:3532), pid=28904, tid=33636
#
# JRE version:  (17.0.2+8) (build )
# Java VM: OpenJDK 64-Bit Server VM (17.0.2+8-86, mixed mode, emulated-client, sharing, tiered, compressed oops, compressed class ptrs, g1 gc, windows-amd64)
# No core dump will be written. Minidumps are not enabled by default on client versions of Windows
#

---------------  S U M M A R Y ------------

Command Line: -XX:TieredStopAtLevel=1 -Dspring.output.ansi.enabled=always -javaagent:D:\IDEA\idea-2026.1.win\lib\idea_rt.jar=61487 -Dfile.encoding=GBK com.example.my_project_system.MyProjectSystemApplication

Host: Intel(R) Core(TM) i5-7300HQ CPU @ 2.50GHz, 4 cores, 7G,  Windows 10 , 64 bit Build 17763 (10.0.17763.292)
Time: Wed Apr 15 15:21:58 2026 中国标准时间 elapsed time: 0.134377 seconds (0d 0h 0m 0s)

---------------  T H R E A D  ---------------

Current thread (0x0000016122e492c0):  JavaThread "Unknown thread" [_thread_in_vm, id=33636, stack(0x0000006079700000,0x0000006079800000)]

Stack: [0x0000006079700000,0x0000006079800000]
Native frames: (J=compiled Java code, j=interpreted, Vv=VM code, C=native code)
V  [jvm.dll+0x670baa]
V  [jvm.dll+0x7cfcb4]
V  [jvm.dll+0x7d145e]
V  [jvm.dll+0x7d1ac3]
V  [jvm.dll+0x242bc5]
V  [jvm.dll+0x66dac9]
V  [jvm.dll+0x662412]
V  [jvm.dll+0x300c0b]
V  [jvm.dll+0x3081a6]
V  [jvm.dll+0x357d0e]
V  [jvm.dll+0x357f3f]
V  [jvm.dll+0x2d7ec8]
V  [jvm.dll+0x2d8e34]
V  [jvm.dll+0x7a18c1]
V  [jvm.dll+0x365a91]
V  [jvm.dll+0x780d2c]
V  [jvm.dll+0x3e845f]
V  [jvm.dll+0x3e9f01]
C  [jli.dll+0x527b]
C  [ucrtbase.dll+0x21ffa]
C  [KERNEL32.DLL+0x181f4]
C  [ntdll.dll+0x6a251]


---------------  P R O C E S S  ---------------

Threads class SMR info:
_java_thread_list=0x00007ffc4c359858, length=0, elements={
}

Java Threads: ( => current thread )

Other Threads:
  0x0000016122e86020 GCTaskThread "GC Thread#0" [stack: 0x0000006079800000,0x0000006079900000] [id=33364]
  0x0000016122e99980 ConcurrentGCThread "G1 Main Marker" [stack: 0x0000006079900000,0x0000006079a00000] [id=32808]
  0x0000016122e9a290 ConcurrentGCThread "G1 Conc#0" [stack: 0x0000006079a00000,0x0000006079b00000] [id=26224]

[error occurred during error reporting (printing all threads), id 0xc0000005, EXCEPTION_ACCESS_VIOLATION (0xc0000005) at pc=0x00007ffc4bba88a7]

VM state: not at safepoint (not fully initialized)

VM Mutex/Monitor currently owned by a thread:  ([mutex/lock_event])
[0x0000016122e44db0] Heap_lock - owner thread: 0x0000016122e492c0

Heap address: 0x0000000084800000, size: 1976 MB, Compressed Oops mode: 32-bit

CDS archive(s) mapped at: [0x0000000000000000-0x0000000000000000-0x0000000000000000), size 0, SharedBaseAddress: 0x0000000800000000, ArchiveRelocationMode: 0.
Narrow klass base: 0x0000000000000000, Narrow klass shift: 0, Narrow klass range: 0x0

GC Precious Log:
<Empty>

Heap:
 garbage-first heap   total 0K, used 0K [0x0000000084800000, 0x0000000100000000)
  region size 1024K, 0 young (0K), 0 survivors (0K)

[error occurred during error reporting (printing heap information), id 0xc0000005, EXCEPTION_ACCESS_VIOLATION (0xc0000005) at pc=0x00007ffc4bf89f19]

GC Heap History (0 events):
No events

Deoptimization events (0 events):
No events

Classes unloaded (0 events):
No events

Classes redefined (0 events):
No events

Internal exceptions (0 events):
No events

VM Operations (0 events):
No events

Events (1 events):
Event: 0.082 Loaded shared library D:\JDK\jdk-17.0.2\bin\java.dll


Dynamic libraries:
0x00007ff6f2390000 - 0x00007ff6f239e000 	D:\JDK\jdk-17.0.2\bin\java.exe
0x00007ffd3f9d0000 - 0x00007ffd3fbbd000 	C:\Windows\SYSTEM32\ntdll.dll
0x00007ffd3e960000 - 0x00007ffd3ea13000 	C:\Windows\System32\KERNEL32.DLL
0x00007ffd3c8e0000 - 0x00007ffd3cb73000 	C:\Windows\System32\KERNELBASE.dll
0x00007ffd3c760000 - 0x00007ffd3c85a000 	C:\Windows\System32\ucrtbase.dll
0x00007ffd32b00000 - 0x00007ffd32b18000 	D:\JDK\jdk-17.0.2\bin\jli.dll
0x00007ffd32ae0000 - 0x00007ffd32afa000 	D:\JDK\jdk-17.0.2\bin\VCRUNTIME140.dll
0x00007ffd3f170000 - 0x00007ffd3f307000 	C:\Windows\System32\USER32.dll
0x00007ffd24fc0000 - 0x00007ffd25239000 	C:\Windows\WinSxS\amd64_microsoft.windows.common-controls_6595b64144ccf1df_6.0.17763.348_none_05b73c0a071d7a57\COMCTL32.dll
0x00007ffd3c4c0000 - 0x00007ffd3c4e0000 	C:\Windows\System32\win32u.dll
0x00007ffd3cca0000 - 0x00007ffd3cd3e000 	C:\Windows\System32\msvcrt.dll
0x00007ffd3e630000 - 0x00007ffd3e659000 	C:\Windows\System32\GDI32.dll
0x00007ffd3bb20000 - 0x00007ffd3bcba000 	C:\Windows\System32\gdi32full.dll
0x00007ffd3f310000 - 0x00007ffd3f63d000 	C:\Windows\System32\combase.dll
0x00007ffd3c4e0000 - 0x00007ffd3c580000 	C:\Windows\System32\msvcp_win.dll
0x00007ffd3f7b0000 - 0x00007ffd3f8d2000 	C:\Windows\System32\RPCRT4.dll
0x00007ffd3cb80000 - 0x00007ffd3cbfe000 	C:\Windows\System32\bcryptPrimitives.dll
0x00007ffd3cf60000 - 0x00007ffd3cf8e000 	C:\Windows\System32\IMM32.DLL
0x00007ffd32840000 - 0x00007ffd3284c000 	D:\JDK\jdk-17.0.2\bin\vcruntime140_1.dll
0x00007ffcc5940000 - 0x00007ffcc59cd000 	D:\JDK\jdk-17.0.2\bin\msvcp140.dll
0x00007ffc4b8c0000 - 0x00007ffc4c481000 	D:\JDK\jdk-17.0.2\bin\server\jvm.dll
0x00007ffd3e740000 - 0x00007ffd3e7e3000 	C:\Windows\System32\ADVAPI32.dll
0x00007ffd3cc00000 - 0x00007ffd3cc9e000 	C:\Windows\System32\sechost.dll
0x00007ffd3ea20000 - 0x00007ffd3ea28000 	C:\Windows\System32\PSAPI.DLL
0x00007ffd32760000 - 0x00007ffd32769000 	C:\Windows\SYSTEM32\WSOCK32.dll
0x00007ffd338c0000 - 0x00007ffd338e4000 	C:\Windows\SYSTEM32\WINMM.dll
0x00007ffd34e40000 - 0x00007ffd34e4a000 	C:\Windows\SYSTEM32\VERSION.dll
0x00007ffd33890000 - 0x00007ffd338bd000 	C:\Windows\SYSTEM32\WINMMBASE.dll
0x00007ffd3f100000 - 0x00007ffd3f16d000 	C:\Windows\System32\WS2_32.dll
0x00007ffd3c860000 - 0x00007ffd3c8aa000 	C:\Windows\System32\cfgmgr32.dll
0x00007ffd3b9d0000 - 0x00007ffd3b9e1000 	C:\Windows\System32\kernel.appcore.dll
0x00007ffcc5a70000 - 0x00007ffcc5a7a000 	D:\JDK\jdk-17.0.2\bin\jimage.dll
0x00007ffd1da00000 - 0x00007ffd1dbed000 	C:\Windows\SYSTEM32\DBGHELP.DLL
0x00007ffd1d9d0000 - 0x00007ffd1d9fa000 	C:\Windows\SYSTEM32\dbgcore.DLL
0x00007ffd37170000 - 0x00007ffd3717e000 	D:\JDK\jdk-17.0.2\bin\instrument.dll
0x00007ffcc5a40000 - 0x00007ffcc5a65000 	D:\JDK\jdk-17.0.2\bin\java.dll

dbghelp: loaded successfully - version: 4.0.5 - missing functions: none
symbol engine: initialized successfully - sym options: 0x614 - pdb path: .;D:\JDK\jdk-17.0.2\bin;C:\Windows\SYSTEM32;C:\Windows\WinSxS\amd64_microsoft.windows.common-controls_6595b64144ccf1df_6.0.17763.348_none_05b73c0a071d7a57;D:\JDK\jdk-17.0.2\bin\server

VM Arguments:
jvm_args: -XX:TieredStopAtLevel=1 -Dspring.output.ansi.enabled=always -javaagent:D:\IDEA\idea-2026.1.win\lib\idea_rt.jar=61487 -Dfile.encoding=GBK 
java_command: com.example.my_project_system.MyProjectSystemApplication
java_class_path (initial): E:\vueData\MyFirstProject\my-project-system\target\classes;C:\Users\Administrator\.m2\repository\org\springframework\boot\spring-boot-starter\4.0.5\spring-boot-starter-4.0.5.jar;C:\Users\Administrator\.m2\repository\org\springframework\boot\spring-boot-starter-logging\4.0.5\spring-boot-starter-logging-4.0.5.jar;C:\Users\Administrator\.m2\repository\ch\qos\logback\logback-classic\1.5.32\logback-classic-1.5.32.jar;C:\Users\Administrator\.m2\repository\ch\qos\logback\logback-core\1.5.32\logback-core-1.5.32.jar;C:\Users\Administrator\.m2\repository\org\apache\logging\log4j\log4j-to-slf4j\2.25.3\log4j-to-slf4j-2.25.3.jar;C:\Users\Administrator\.m2\repository\org\apache\logging\log4j\log4j-api\2.25.3\log4j-api-2.25.3.jar;C:\Users\Administrator\.m2\repository\org\slf4j\jul-to-slf4j\2.0.17\jul-to-slf4j-2.0.17.jar;C:\Users\Administrator\.m2\repository\org\springframework\boot\spring-boot-autoconfigure\4.0.5\spring-boot-autoconfigure-4.0.5.jar;C:\Users\Administrator\.m2\repository\jakarta\annotation\jakarta.annotation-api\3.0.0\jakarta.annotation-api-3.0.0.jar;C:\Users\Administrator\.m2\repository\org\yaml\snakeyaml\2.5\snakeyaml-2.5.jar;C:\Users\Administrator\.m2\repository\org\springframework\boot\spring-boot-devtools\4.0.5\spring-boot-devtools-4.0.5.jar;C:\Users\Administrator\.m2\repository\org\springframework\boot\spring-boot\4.0.5\spring-boot-4.0.5.jar;C:\Users\Administrator\.m2\repository\org\springframework\spring-context\7.0.6\spring-context-7.0.6.jar;C:\Users\Administrator\.m2\repository\org\springframework\spring-aop\7.0.6\spring-aop-7.0.6.jar;C:\Users\Administrator\.m2\repository\org\springframework\spring-beans\7.0.6\spring-beans-7.0.6.jar;C:\Users\Administrator\.m2\repository\org\springframework\spring-expression\7.0.6\spring-expression-7.0.6.jar;C:\Users\Administrator\.m2\repository\io\micrometer\micrometer-observation\1.16.4\micrometer-observation-1.16.4.jar;C:\Users\Administrator\.m2\repository\io\micrometer\micrometer-commons\1.16
Launcher Type: SUN_STANDARD

[Global flags]
     intx CICompilerCount                          = 3                                         {product} {ergonomic}
     uint ConcGCThreads                            = 1                                         {product} {ergonomic}
     uint G1ConcRefinementThreads                  = 4                                         {product} {ergonomic}
   size_t G1HeapRegionSize                         = 1048576                                   {product} {ergonomic}
    uintx GCDrainStackTargetSize                   = 64                                        {product} {ergonomic}
   size_t InitialHeapSize                          = 130023424                                 {product} {ergonomic}
   size_t MarkStackSize                            = 4194304                                   {product} {ergonomic}
   size_t MaxHeapSize                              = 2071986176                                {product} {ergonomic}
   size_t MinHeapDeltaBytes                        = 1048576                                   {product} {ergonomic}
   size_t MinHeapSize                              = 8388608                                   {product} {ergonomic}
    uintx NonProfiledCodeHeapSize                  = 0                                      {pd product} {ergonomic}
     bool ProfileInterpreter                       = false                                  {pd product} {command line}
    uintx ProfiledCodeHeapSize                     = 0                                      {pd product} {ergonomic}
   size_t SoftMaxHeapSize                          = 2071986176                             {manageable} {ergonomic}
     intx TieredStopAtLevel                        = 1                                         {product} {command line}
     bool UseCompressedClassPointers               = true                           {product lp64_product} {ergonomic}
     bool UseCompressedOops                        = true                           {product lp64_product} {ergonomic}
     bool UseG1GC                                  = true                                      {product} {ergonomic}
     bool UseLargePagesIndividualAllocation        = false                                  {pd product} {ergonomic}

Logging:
Log output configuration:
 #0: stdout all=warning uptime,level,tags
 #1: stderr all=off uptime,level,tags

Environment Variables:
JAVA_HOME=D:\JDK\jdk-17.0.2
CLASSPATH=.;D:\JDK\jdk-17.0.2\lib\dat.jar;D:\JDK\jdk-17.0.2\lib\tools.jar
PATH=D:\JDK\jdk-17.0.2\bin;G:\VM\bin\;.;C:\Program Files (x86)\Common Files\Intel\Shared Libraries\redist\intel64\compiler;"D:\JDK\jdk-17.0.2bin;D:\JDK\jdk-17.0.2\jre\bin;";D:\JDK\jdk-17.0.2\bin;D:\JDK\jdk-17.0.2\jre\bin;D:\opencv\build\x64\vc15\bin;C:\Program Files\Common Files\Autodesk Shared\C:\Program Files (x86)\GtkSharp\2.12\bin;C:\Program Files (x86)\Autodesk\Backburner\;C:\Windows\system32;G:\安装\Client SDK\ODBC\110\Tools\Binn\;G;C:\ProgramData\Oracle\Java\javapath;\120\Tools\Binn\;G:\安装\120\Tools\Binn\;G;\安装\120\DTS\Binn\;C;\Program Files (x86)\Windows Kits\8.1\Windows Performance Toolkit\;F:\Tomcat\apache-tomcat-9.0.0.M13\lib;F:\Tomcat\apache-tomcat-9.0.0.M13\lib\servlet-api.jar;F:\Tomcat\apache-tomcat-9.0.0.M13\lib\jsp-api.jar;D:\mysql\mysql_5.6.24_winx64\mysql-5.6.24-winx64\bin;D:\Java学习\学习资料\工具软件\apache-tomcat-8.0.50\bin;F:\毕业设计\新;文件夹\apache-tomcat-7.0.108\bin;D:;IDEA\Git\cmd;D:\IDEA\bin;D:\Java学习\学习资料\工具软件\bin;E:\hql\li;ux\XShell\;E:\hql\linux\XFtp\;H:\nodejs\;H:\nodejs\node_global\node_modules;G:\AndroidSDK\platform-tools;G:\AndroidSDK\tools;C:\Program Files (x86)\Common Files\Oracle\Java\javapath;C:\Program Files\Git\cmd;E:\Python\Scripts\;E:\Python\;C:\Users\Administrator\AppData\Local\Temp;F:\粤嵌文件夹\Microsoft VS Code\bin;G:\IntelliJ IDEA 2019.2.3\bin;H:\nodejs\node_global;C:\Users\Administrator\AppData\Local\GitHubDesktop\bin
USERNAME=Administrator
OS=Windows_NT
PROCESSOR_IDENTIFIER=Intel64 Family 6 Model 158 Stepping 9, GenuineIntel



---------------  S Y S T E M  ---------------

OS:
 Windows 10 , 64 bit Build 17763 (10.0.17763.292)
OS uptime: 1 days 22:17 hours

CPU: total 4 (initial active 4) (4 cores per cpu, 1 threads per core) family 6 model 158 stepping 9 microcode 0x84, cx8, cmov, fxsr, mmx, 3dnowpref, sse, sse2, sse3, ssse3, sse4.1, sse4.2, popcnt, lzcnt, tsc, tscinvbit, avx, avx2, aes, erms, clmul, bmi1, bmi2, adx, fma, vzeroupper, clflush, clflushopt

Memory: 4k page, system-wide physical 7898M (512M free)
TotalPageFile size 22097M (AvailPageFile size 108M)
current process WorkingSet (physical memory assigned to process): 10M, peak: 10M
current process commit charge ("private bytes"): 46M, peak: 170M

vm_info: OpenJDK 64-Bit Server VM (17.0.2+8-86) for windows-amd64 JRE (17.0.2+8-86), built on Dec  7 2021 21:49:10 by "mach5one" with MS VC++ 16.8 / 16.9 (VS2019)

END.
